---
source: crates/shell/src/utils/escape.rs
assertion_line: 205
expression: "escape(special_chars, \"fish\")"
---
'!@#$%^&*()_+-={}[]:";\'<>?,./\\|`~'
