---
source: crates/shell/src/utils/escape.rs
assertion_line: 188
expression: "escape(\"column1\\tcolumn2\", \"bash\")"
---
$'column1\	column2'
