---
source: crates/shell/src/utils/escape.rs
assertion_line: 190
expression: "escape(\"column1\\tcolumn2\", \"fish\")"
---
'column1\	column2'
