---
source: crates/shell/src/utils/escape.rs
assertion_line: 226
expression: "escape(special_whitespace, \"bash\")"
---
$' $ \	 \
 @ !'
