---
source: crates/shell/src/utils/escape.rs
assertion_line: 204
expression: "escape(special_chars, \"powershell\")"
---
'!@#$%^&*()_+-={}[]:";''<>?,./\|`~'
