---
source: crates/shell/src/utils/escape.rs
assertion_line: 228
expression: "escape(special_whitespace, \"fish\")"
---
' $ \	 \
 @ !'
