---
source: crates/shell/src/utils/escape.rs
assertion_line: 189
expression: "escape(\"column1\\tcolumn2\", \"powershell\")"
---
'column1`	column2'
