---
source: crates/shell/src/utils/escape.rs
assertion_line: 183
expression: "escape(\"line1\\nline2\", \"fish\")"
---
'line1\
line2'
