---
source: crates/shell/src/shells/bash.rs
assertion_line: 150
expression: "escapeBash(\"a\\\\b\")"
---
$'a\\b'
