---
source: crates/shell/src/shells/bash.rs
assertion_line: 156
expression: "escapeBash(\"\")"
---

