---
source: crates/shell/src/shells/bash.rs
assertion_line: 138
expression: "escapeBash(\"don't\")"
---
$'don\'t'
